ExBudget {exBudgetCPU = ExCPU 104306994, exBudgetMemory = ExMemory 628146}