ExBudget {exBudgetCPU = ExCPU 614258008, exBudgetMemory = ExMemory 3186359}