ExBudget {exBudgetCPU = ExCPU 973112178, exBudgetMemory = ExMemory 5081029}