ExBudget {exBudgetCPU = ExCPU 101965104, exBudgetMemory = ExMemory 616044}